node.exe : [1m[33mComponent HMR has been enabled, see https://angular.dev/hmr
 for more info.[39m[22m
At C:\Users\alyss\AppData\Roaming\npm\ng.ps1:24 char:5
+     & "node$exe"  "$basedir/node_modules/@angular/cli/bin/ng.js" $arg ...
+     ~~~~~~~~~~~~~~~~~~~~~~~~~~~~~~~~~~~~~~~~~~~~~~~~~~~~~~~~~~~~~~~~~
    + CategoryInfo          : NotSpecified: ([1m[33mCompon...info.[39m[22m 
   :String) [], RemoteException
    + FullyQualifiedErrorId : NativeCommandError
 
[33mÔØ»[39m Building...
[32mÔ£ö[39m Building...
Application bundle generation failed. [6.261 seconds]

[1m[33m[33mÔû▓ [43;33m[[43;30mWARNING[43;33m][0m [1mTS-998113: PhoneSqu
areComponent is not used within the template of AppComponent[0m [1m[35m[plug
in angular-compiler][0m

    src/app/app.component.ts:17:4:
[37m      17 Ôöé     [32mPhoneSquareComponent[37m,
         ÔòÁ     [32m~~~~~~~~~~~~~~~~~~~~[0m


[33mÔû▓ [43;33m[[43;30mWARNING[43;33m][0m [1mTS-998113: NavBarComponent i
s not used within the template of AppComponent[0m [1m[35m[plugin angular-com
piler][0m

    src/app/app.component.ts:18:4:
[37m      18 Ôöé     [32mNavBarComponent[37m,
         ÔòÁ     [32m~~~~~~~~~~~~~~~[0m


[33mÔû▓ [43;33m[[43;30mWARNING[43;33m][0m [1mNG8107: The left side of thi
s optional chain operation does not include 'null' or 'undefined' in its type, 
therefore the '?.' operator can be replaced with the '.' operator.[0m [1m[35
m[plugin angular-compiler][0m

    src/app/pages/add-item-page/add-item-page.component.html:15:95:
[37m      15 Ôöé ...ount]="addedItems[selectedItemIndex]?.[32mamount[37m"></
app-change-amount>
         ÔòÁ                                          [32m~~~~~~[0m

  Error occurs in the template of component AddItemPageComponent.

    src/app/pages/add-item-page/add-item-page.component.ts:25:15:
[37m      25 Ôöé   templateUrl: [32m'./add-item-page.component.html'[37m,
         ÔòÁ                [32m~~~~~~~~~~~~~~~~~~~~~~~~~~~~~~~~[0m


[33mÔû▓ [43;33m[[43;30mWARNING[43;33m][0m [1mTS-998113: GroceryListButCom
ponent is not used within the template of NavBarComponent[0m [1m[35m[plugin 
angular-compiler][0m

    src/app/phone-square/nav-bar/nav-bar.component.ts:14:12:
[37m      14 Ôöé   imports: [[32mGroceryListButComponent[37m, CabinetsButCom
ponent, HomeBut...
         ÔòÁ             [32m~~~~~~~~~~~~~~~~~~~~~~~[0m


[33mÔû▓ [43;33m[[43;30mWARNING[43;33m][0m [1mTS-998113: CabinetsButCompon
ent is not used within the template of NavBarComponent[0m [1m[35m[plugin ang
ular-compiler][0m

    src/app/phone-square/nav-bar/nav-bar.component.ts:14:37:
[37m      14 Ôöé ...ceryListButComponent, [32mCabinetsButComponent[37m, Home
ButComponent, H...
         ÔòÁ                          [32m~~~~~~~~~~~~~~~~~~~~[0m


[33mÔû▓ [43;33m[[43;30mWARNING[43;33m][0m [1mTS-998113: HomeButComponent 
is not used within the template of NavBarComponent[0m [1m[35m[plugin angular
-compiler][0m

    src/app/phone-square/nav-bar/nav-bar.component.ts:14:59:
[37m      14 Ôöé ..., CabinetsButComponent, [32mHomeButComponent[37m, Househ
oldButComponent...
         ÔòÁ                            [32m~~~~~~~~~~~~~~~~[0m


[33mÔû▓ [43;33m[[43;30mWARNING[43;33m][0m [1mTS-998113: HouseholdButCompo
nent is not used within the template of NavBarComponent[0m [1m[35m[plugin an
gular-compiler][0m

    src/app/phone-square/nav-bar/nav-bar.component.ts:14:77:
[37m      14 Ôöé ...t, HomeButComponent, [32mHouseholdButComponent[37m, Reci
peButComponent,...
         ÔòÁ                         [32m~~~~~~~~~~~~~~~~~~~~~[0m


[33mÔû▓ [43;33m[[43;30mWARNING[43;33m][0m [1mTS-998113: RecipeButComponen
t is not used within the template of NavBarComponent[0m [1m[35m[plugin angul
ar-compiler][0m

    src/app/phone-square/nav-bar/nav-bar.component.ts:14:100:
[37m      14 Ôöé ...HouseholdButComponent, [32mRecipeButComponent[37m, Route
rOutlet, Router...
         ÔòÁ                           [32m~~~~~~~~~~~~~~~~~~[0m


[33mÔû▓ [43;33m[[43;30mWARNING[43;33m][0m [1mTS-998113: RouterOutlet is n
ot used within the template of NavBarComponent[0m [1m[35m[plugin angular-com
piler][0m

    src/app/phone-square/nav-bar/nav-bar.component.ts:14:120:
[37m      14 Ôöé ...nent, RecipeButComponent, [32mRouterOutlet[37m, RouterLi
nk, RouterModule],
         ÔòÁ                              [32m~~~~~~~~~~~~[0m

[39m[22m
[1m[31m[31mX [41;31m[[41;97mERROR[41;31m][0m [1mNG2: Type 'number | und
efined' is not assignable to type 'number'.
  Type 'undefined' is not assignable to type 'number'.[0m [1m[35m[plugin ang
ular-compiler][0m

    src/app/pages/add-item-page/add-item-page.component.html:15:55:
[37m      15 Ôöé ...selectedItemIndex !== null" [[32mamount[37m]="addedItems
[selectedItemIn...
         ÔòÁ                                 [32m~~~~~~[0m

  Error occurs in the template of component AddItemPageComponent.

    src/app/pages/add-item-page/add-item-page.component.ts:25:15:
[37m      25 Ôöé   templateUrl: [32m'./add-item-page.component.html'[37m,
         ÔòÁ                [32m~~~~~~~~~~~~~~~~~~~~~~~~~~~~~~~~[0m

[39m[22m
Watch mode enabled. Watching for file changes...
